---
source: shellfirm/src/bin/cmd/config.rs
expression: config.get_settings_from_file().unwrap().challenge != settings.challenge
---
true
