---
source: shellfirm/src/bin/cmd/config.rs
expression: config.get_settings_from_file()
---
Ok(
    Settings {
        challenge: Math,
        includes: [
            "base",
            "fs",
            "git",
        ],
        ignores: [],
    },
)
