---
source: shellfirm/src/config.rs
expression: config.manage_config_file()
---
Ok(
    (),
)
