---
source: shellfirm/src/config.rs
expression: "Path::new(&config.setting_file_path).is_file()"
---
true
