---
source: shellfirm/src/config.rs
expression: config.create_config_folder()
---
Ok(
    (),
)
