---
source: shellfirm/src/config.rs
expression: backup.is_ok()
---
true
