---
source: shellfirm/src/config.rs
expression: "Path::new(&config.root_folder).is_dir()"
---
true
