---
source: shellfirm/src/checks.rs
expression: "check_custom_filter(&check, \"delete\")"
---
true
