---
source: shellfirm/src/config.rs
expression: "Path::new(&config.path).is_dir()"
---
true
