---
source: shellfirm/src/config.rs
expression: config.create_default_config_file()
---
Ok(
    (),
)
