---
source: shellfirm/src/config.rs
expression: config.get_settings_from_file().unwrap().get_active_groups()
---
[
    "base",
    "fs",
    "git",
]
