---
source: shellfirm/src/config.rs
expression: config.update_config_version(&context)
---
Ok(
    (),
)
