---
source: src/checks.rs
expression: "is_contains(\"test\", \"test is valid\")"
---
true
