---
source: src/config.rs
expression: settings_config.load_config_from_file()
---
Ok(
    Config {
        challenge: Math,
        includes: [
            "base",
            "fs",
            "git",
        ],
        version: "0.1.6",
        checks: [
            Check {
                test: "is value",
                method: Contains,
                enable: true,
                description: "description",
                from: "from",
                challenge: Default,
                filters: {},
            },
        ],
    },
)
