---
source: src/config.rs
expression: settings_config.manage_config_file()
---
Ok(
    (),
)
