---
source: src/checks.rs
expression: "is_start_with(\"test is valid\", \"is\")"
---
false
